     1                                  ; Se da un sir de octeti S de lungime l. Sa se construiasca sirul D de lungime l-1 astfel incat elementele din D sa reprezinte diferenta dintre fiecare 2 elemente consecutive din S.
     2                                  ;   Exemplu:
     3                                  ;   S: 1, 2, 4, 6, 10, 20, 25
     4                                  ;   D: 1, 2, 2, 4, 10, 5
     5                                  bits 32
     6                                  global start
     7                                  
     8                                  extern exit
     9                                  import exit msvcrt.dll
    10                                  
    11                                  segment data use32 class=data
    12 00000000 010204060A1419              s db 1, 2, 4, 6, 10, 20, 25
    13                                      len equ ($-s)
    14 00000007 00<rept>                    d times len-1 db 0
    15                                  
    16                                  segment code use32 class=code
    17                                      start:
    18 00000000 B906000000                      mov ecx, len-1
    19 00000005 E336                            jecxz final
    20 00000007 BE00000000                      mov esi, 0
    21 0000000C BF00000000                      mov edi, 0
    22                                          repeta:
    23 00000011 8A86[00000000]                      mov al, [s+esi]
    24                                              
    25 00000017 3A86[01000000]                      cmp al, [s+esi+1]
    26 0000001D 7F0E                                jg mai_mare
    27 0000001F 8A86[01000000]                          mov al, [s+esi+1]
    28 00000025 2A86[00000000]                          sub al, [s+esi]
    29 0000002B EB06                                    jmp initializare
    30                                              mai_mare:
    31 0000002D 2A86[01000000]                      sub al, [s+esi+1]
    32                                              initializare:
    33 00000033 8887[07000000]                      mov [d+edi], al
    34 00000039 46                                  inc(esi)
    35 0000003A 47                                  inc(edi)
    36 0000003B E2D4                            loop repeta
    37                                          
    38                                      final:    
    39                                          
    40 0000003D 6A00                        push dword 0
    41 0000003F FF15[00000000]              call [exit]
