     1                                   ; Se da un sir de octeti S de lungime l. Sa se construiasca sirul D de lungime l-1 astfel incat elementele din D sa reprezinte catul dintre fiecare 2 elemente consecutive S(i) si S(i+1) din S.
     2                                  ;    Exemplu:
     3                                  ;   S: 1, 6, 3, 1
     4                                  ;   D: 0, 2, 3
     5                                  bits 32
     6                                  global start
     7                                  
     8                                  extern exit
     9                                  import exit msvcrt.dll
    10                                  
    11                                  segment data use32 class=data
    12 00000000 01060301                    s db 1, 6, 3, 1
    13                                      len equ $-s-1
    14 00000004 00<rept>                    d times len db 0
    15                                      
    16                                  segment code use32 class=code
    17                                      start:
    18 00000000 B903000000                      mov ecx, len
    19 00000005 E324                            jecxz final
    20 00000007 BE00000000                      mov esi, 0
    21 0000000C BF00000000                      mov edi, 0
    22                                          repeta:
    23 00000011 8A86[00000000]                      mov al, [s+esi]
    24 00000017 B400                                mov ah, 0
    25 00000019 46                                  inc(esi)
    26 0000001A 8A9E[00000000]                      mov bl, [s+esi]
    27 00000020 F6F3                                div bl                      ; ah = ax % bl, al = ax / bl 
    28 00000022 8887[04000000]                      mov [d+edi], al
    29 00000028 47                                  inc(edi)
    30 00000029 E2E6                            loop repeta
    31                                          
    32                                      final:
    33 0000002B 6A00                        push dword 0
    34 0000002D FF15[00000000]              call [exit]
