     1                                  ; Sa se citeasca de la tastatura doua numere a si b (in baza 10) si sa se calculeze a/b. 
     2                                  ; Catul impartirii se va salva in memorie in variabila "rezultat" (definita in segmentul de date). Valorile se considera cu semn. 
     3                                  bits 32
     4                                  global start
     5                                  
     6                                  extern exit, printf, scanf
     7                                  import exit msvcrt.dll
     8                                  import printf msvcrt.dll
     9                                  import scanf msvcrt.dll
    10                                  
    11                                  segment data use32 class=data
    12 00000000 00000000                    a dd 0
    13 00000004 00000000                    b dd 0
    14 00000008 61203D2000                  mesaj_a db "a = ", 0
    15 0000000D 62203D2000                  mesaj_b db "b = ", 0
    16 00000012 256400                      format db "%d", 0
    17 00000015 00000000                    rezultat dd 0
    18 00000019 52657A756C74617475-         format_afisare db "Rezultatul este: %d", 0
    18 00000022 6C20657374653A2025-
    18 0000002B 6400               
    19                                      
    20                                  segment code use32 class=code
    21                                      start:
    22                                          
    23 00000000 68[08000000]                    push dword mesaj_a
    24 00000005 FF15[00000000]                  call [printf]
    25 0000000B 83C404                          add esp, 1*4
    26                                          
    27 0000000E 68[00000000]                    push dword a
    28 00000013 68[12000000]                    push dword format
    29 00000018 FF15[00000000]                  call [scanf]
    30 0000001E 83C408                          add esp, 2*4
    31                                          
    32 00000021 68[0D000000]                    push dword mesaj_b
    33 00000026 FF15[00000000]                  call [printf]
    34 0000002C 83C404                          add esp, 1*4
    35                                          
    36 0000002F 68[04000000]                    push dword b
    37 00000034 68[12000000]                    push dword format
    38 00000039 FF15[00000000]                  call [scanf]
    39 0000003F 83C408                          add esp, 2*4
    40                                         
    41 00000042 A1[00000000]                    mov eax, [a]
    42 00000047 99                              cdq
    43 00000048 F73D[04000000]                  idiv dword [b]
    44 0000004E A3[15000000]                    mov [rezultat], eax 
    45                                          
    46 00000053 FF35[15000000]                  push dword [rezultat]
    47 00000059 68[19000000]                    push dword format_afisare
    48 0000005E FF15[00000000]                  call [printf]
    49 00000064 83C408                          add esp, 2*4
    50                                          
    51                                      
    52                                      
    53 00000067 6A00                        push dword 0
    54 00000069 FF15[00000000]              call [exit]
