     1                                  bits 32
     2                                  global start
     3                                  
     4                                  extern exit
     5                                  import exit msvcrt.dll
     6                                  
     7                                  segment data use32 class=data
     8 00000000 616263646566                s db 'a', 'b', 'c', 'd', 'e', 'f'
     9                                      len equ ($-s)
    10 00000006 00<rept>                    d times len db 0
    11                                      
    12                                  ; Se da un sir de caractere s.
    13                                  ; Se cere sirul de caractere d obtinut prin copierea sirului s, folosind instructiuni pe siruri.
    14                                  segment code use32 class=code
    15                                      start:
    16 00000000 B906000000                      mov ecx, len
    17 00000005 E30E                            jecxz sfarsit
    18 00000007 FC                              cld
    19 00000008 BE[00000000]                    mov esi, s
    20 0000000D BF[06000000]                    mov edi, d
    21                                          repeta:
    22                                              ; lodsb
    23                                              ; stosb
    24 00000012 A4                                  movsb
    25 00000013 E2FD                            loop repeta
    26                                          
    27                                          sfarsit:
    28                                          ; exit(0)
    29 00000015 6A00                            push dword 0        ; push the parameter for exit onto the stack
    30 00000017 FF15[00000000]                  call [exit]         ; call exit to terminate the program
