     1                                  ; Se da un sir de octeti S. Sa se obtina in sirul D multimea elementelor din S.
     2                                  ;   Exemplu:
     3                                  ;   S: 1, 4, 2, 4, 8, 2, 1, 1
     4                                  ;   D: 1, 4, 2, 8
     5                                  bits 32
     6                                  global start
     7                                  
     8                                  extern exit
     9                                  import exit msvcrt.dll
    10                                  
    11                                  segment data use32 class=data
    12 00000000 0104020408020101            s db  1, 4, 2, 4, 8, 2, 1, 1
    13                                      len equ $-s
    14 00000008 00<rept>                    d times len db 0
    15                                      
    16                                  segment code use32 class=code
    17                                      start:
    18 00000000 B908000000                      mov ecx, len
    19 00000005 E332                            jecxz final
    20                                          
    21 00000007 BE00000000                      mov esi, 0
    22 0000000C BF00000000                      mov edi, 0
    23                                  
    24                                          repeta:
    25 00000011 8A86[00000000]                      mov al, [s+esi]
    26 00000017 51                                  push ecx
    27 00000018 89F9                                mov ecx, edi
    28 0000001A E312                                jecxz adaugare
    29 0000001C BA00000000                          mov edx, 0
    30                                              
    31                                                  exista:
    32 00000021 8A9A[08000000]                              mov bl, [d+edx]
    33 00000027 42                                          inc(edx)
    34 00000028 38D8                                        cmp al, bl
    35 0000002A 7409                                        je peste
    36 0000002C E2F3                                    loop exista
    37                                              
    38                                              adaugare:
    39 0000002E 8887[08000000]                          mov [d+edi], al
    40 00000034 47                                      inc(edi)
    41                                              
    42                                              peste:
    43 00000035 46                                      inc(esi)
    44                                          
    45 00000036 59                                  pop ecx
    46 00000037 E2D8                            loop repeta
    47                                          
    48                                      final:
    49 00000039 6A00                        push dword 0
    50 0000003B FF15[00000000]              call [exit]
