     1                                  ; Sa se citeasca de la tastatura un nume de fisier si un numar. 
     2                                  ; Sa se citeasca din fisierul dat cuvintele separate prin spatii si sa se afiseze in consola cuvintele care sunt pe pozitiile multipli de numarul citit de la tastatura.
     3                                  bits 32
     4                                  
     5                                  global start
     6                                  
     7                                  extern exit, scanf, fscanf, printf, fopen, fclose
     8                                  import exit msvcrt.dll
     9                                  import scanf msvcrt.dll
    10                                  import fscanf msvcrt.dll
    11                                  import printf msvcrt.dll
    12                                  import fopen msvcrt.dll
    13                                  import fclose msvcrt.dll
    14                                  
    15                                  segment data use32 class=data
    16 00000000 00<rept>                    nume_fisier times 20 db 0
    17 00000014 7200                        mod_acces db "r", 0
    18 00000016 FFFFFFFF                    descriptor_fisier dd -1
    19 0000001A 00000000                    numar dd 0
    20 0000001E 00<rept>                    cuvant times 20 db 0
    21 00000032 00000000                    contor dd 0
    22 00000036 256400                      format_dec db "%d", 0
    23 00000039 257300                      format_str db "%s", 0
    24 0000003C 25732000                    format_afisare db "%s ", 0
    25                                  
    26                                  
    27                                  segment code use32 class=code
    28                                      start:
    29                                      
    30                                          ; citire nume de fisier
    31 00000000 68[00000000]                    push dword nume_fisier
    32 00000005 68[39000000]                    push dword format_str
    33 0000000A FF15[00000000]                  call [scanf]
    34 00000010 83C408                          add esp, 2*4
    35                                          
    36                                          ; citire numar
    37 00000013 68[1A000000]                    push dword numar
    38 00000018 68[36000000]                    push dword format_dec
    39 0000001D FF15[00000000]                  call [scanf]
    40 00000023 83C408                          add esp, 2*4
    41                                          
    42                                          ; deschidere fisier
    43 00000026 68[14000000]                    push dword mod_acces
    44 0000002B 68[00000000]                    push dword nume_fisier
    45 00000030 FF15[00000000]                  call [fopen]
    46 00000036 83C408                          add esp, 2*4
    47                                          
    48                                          ; verificare fisier
    49 00000039 83F800                          cmp eax, 0
    50 0000003C 7454                            je final
    51 0000003E A3[16000000]                    mov [descriptor_fisier], eax
    52                                          
    53                                          ; citim cuvintele din fisier
    54                                          citire:
    55                                          
    56 00000043 68[1E000000]                        push dword cuvant
    57 00000048 68[39000000]                        push dword format_str
    58 0000004D FF35[16000000]                      push dword [descriptor_fisier]
    59 00000053 FF15[00000000]                      call [fscanf]
    60 00000059 83C40C                              add esp, 3*4
    61                                          
    62 0000005C 83F8FF                              cmp eax, -1
    63 0000005F 7431                                je final
    64                                              
    65 00000061 8305[32000000]01                    add dword [contor], 1
    66                                              
    67 00000068 A1[32000000]                        mov eax, [contor]
    68 0000006D BA00000000                          mov edx, 0
    69 00000072 F735[1A000000]                      div dword [numar]
    70                                              
    71 00000078 83FA00                              cmp edx, 0
    72 0000007B 7513                                jne peste
    73                                              
    74 0000007D 68[1E000000]                        push dword cuvant
    75 00000082 68[3C000000]                        push dword format_afisare
    76 00000087 FF15[00000000]                      call [printf]
    77 0000008D 83C408                              add esp, 2*4
    78                                              
    79                                              peste:
    80                                          
    81                                          
    82 00000090 EBB1                            jmp citire
    83                                          
    84                                          
    85                                          final:
    86                                          ; inchidere fisier
    87 00000092 FF35[16000000]                  push dword [descriptor_fisier]
    88 00000098 FF15[00000000]                  call [fclose]
    89 0000009E 83C404                          add esp, 1*4
    90                                      
    91 000000A1 6A00                        push dword 0
    92 000000A3 FF15[00000000]              call [exit]
