     1                                  ; Se dau doua numere natural a si b (a: dword, b: word, definite in segmentul de date). Sa se calculeze a/b si sa se afiseze restul impartirii in urmatorul format: "<a> mod <b> = <rest>"
     2                                  ; Exemplu: pentru a = 23 si b = 5 se va afisa: "23 mod 5 = 3"
     3                                  ; Valorile vor fi afisate in format decimal (baza 10) cu semn. 
     4                                  bits 32
     5                                  global start
     6                                  
     7                                  extern exit, printf
     8                                  import exit msvcrt.dll
     9                                  import printf msvcrt.dll
    10                                  
    11                                  segment data use32 class=data
    12 00000000 17000000                    a dd 23
    13 00000004 0500                        b dw 5
    14 00000006 2564206D6F64202564-         format_afisare db "%d mod %d = %d", 0
    14 0000000F 203D20256400       
    15 00000015 00000000                    _rest dd 0
    16                                     
    17                                  segment code use32 class=code
    18                                      start:
    19                                          
    20                                          ; a % b = rest
    21 00000000 66A1[00000000]                  mov ax, [a]
    22 00000006 668B15[02000000]                mov dx, [a+2]
    23                                          ; dx = rest, ax = cat
    24 0000000D 66F73D[04000000]                idiv word [b]
    25 00000014 668915[15000000]                mov word [_rest], dx
    26 0000001B 66C705[17000000]00-             mov word [_rest+2], 0
    26 00000023 00                 
    27 00000024 8B1D[00000000]                  mov ebx, [a]
    28 0000002A 66A1[04000000]                  mov ax, [b]
    29 00000030 98                              cwde
    30                                          
    31                                          ; afisare
    32 00000031 FF35[15000000]                  push dword [_rest]
    33 00000037 50                              push eax
    34 00000038 53                              push ebx
    35 00000039 68[06000000]                    push dword format_afisare
    36 0000003E FF15[00000000]                  call [printf]
    37 00000044 83C410                          add esp, 4*4
    38                                      
    39 00000047 6A00                        push dword 0
    40 00000049 FF15[00000000]              call [exit]
