     1                                  ;  Sa se citeasca de la tastatura un numar in baza 10 si sa se afiseze valoarea acelui numar in baza 16 
     2                                  bits 32
     3                                  global start
     4                                  
     5                                  extern exit, printf, scanf
     6                                  import exit msvcrt.dll
     7                                  import printf msvcrt.dll
     8                                  import scanf msvcrt.dll
     9                                  
    10                                  segment data use32 class=data
    11 00000000 00000000                    a dd 0
    12 00000004 61203D2000                  mesaj_a db "a = ", 0
    13 00000009 256400                      format_dec db "%d", 0
    14 0000000C 4E756D6172756C2025-         afisare db "Numarul %d in hexa este %xh", 0
    14 00000015 6420696E2068657861-
    14 0000001E 206573746520257868-
    14 00000027 00                 
    15                                  
    16                                  segment code use32 class=code
    17                                      start:
    18                                          
    19                                          ; a = 
    20 00000000 68[04000000]                    push dword mesaj_a
    21 00000005 FF15[00000000]                  call [printf]
    22 0000000B 83C404                          add esp, 1*4
    23                                          
    24                                          ; citire a
    25 0000000E 68[00000000]                    push dword a
    26 00000013 68[09000000]                    push dword format_dec
    27 00000018 FF15[00000000]                  call [scanf]
    28 0000001E 83C408                          add esp, 2*4
    29                                          
    30                                          ; afisare
    31 00000021 FF35[00000000]                  push dword [a]
    32 00000027 FF35[00000000]                  push dword [a]
    33 0000002D 68[0C000000]                    push dword afisare
    34 00000032 FF15[00000000]                  call [printf]
    35 00000038 83C40C                          add esp, 3*4
    36                                          
    37 0000003B 6A00                        push dword 0
    38 0000003D FF15[00000000]              call [exit]
