     1                                  ; 4 - 5
     2                                  bits 32
     3                                  
     4                                  global start        
     5                                  
     6                                  extern exit             
     7                                  import exit msvcrt.dll   
     8                                  
     9                                  segment data use32 class=data
    10                                  
    11                                  segment code use32 class=code
    12                                      start:
    13                                      
    14 00000000 B004                            mov AL, 4   ; AL = 4
    15 00000002 2C05                            sub AL, 5   ; AL = 4 - 5
    16                                          
    17 00000004 6A00                            push    dword 0   
    18 00000006 FF15[00000000]                  call    [exit]       
