     1                                  ; d-(a+b)-(c+c) 
     2                                  bits 32
     3                                  
     4                                  global start
     5                                  
     6                                  extern exit
     7                                  import exit msvcrt.dll
     8                                  
     9                                  ; a, b, c, d - word
    10                                  segment data use32 class=data
    11 00000000 0A00                        a dw 10
    12 00000002 0D00                        b dw 13
    13 00000004 0700                        c dw 7
    14 00000006 2800                        d dw 40
    15                                  
    16                                  ; d-(a+b)-(c+c) 
    17                                  segment code use32 class=code
    18                                      start:
    19                                          
    20                                          ; a + b
    21 00000000 66A1[00000000]                  mov AX, [a]     ; AX = a = 10
    22 00000006 660305[02000000]                add AX, [b]      ; AX = a + b = 10 + 13 = 23
    23                                          
    24                                          ; d - (a + b)
    25 0000000D 668B1D[06000000]                mov BX, [d]     ;BX = d = 40
    26 00000014 6629C3                          sub BX, AX    ; BX = d - (a + b) = 40 - 23 = 17
    27                                          
    28                                          ; c + c
    29 00000017 66A1[04000000]                  mov AX, [c]     ; AX = c = 7
    30 0000001D 660305[04000000]                add AX, [c]      ; AX = c + c = 14
    31                                          
    32                                          ; d-(a+b)-(c+c) 
    33 00000024 6629C3                          sub BX, AX     ; BX = 17 - 14 = 3
    34 00000027 6689D8                          mov AX, BX    ; AX = 3
    35                                          
    36 0000002A 6A00                            push dword 0
    37 0000002C FF15[00000000]                  call [exit]
