     1                                  ; a * [ b + c + d / b ] + d 
     2                                  bits 32
     3                                  
     4                                  global start
     5                                  
     6                                  extern exit
     7                                  import exit msvcrt.dll
     8                                  
     9                                  ; a,b,c - byte, d - word
    10                                  segment data use32 class=data
    11 00000000 0A                          a db 10
    12 00000001 05                          b db 5
    13 00000002 0F                          c db 15
    14 00000003 1900                        d dw 25
    15                                  
    16                                  ; a * [ b + c + d / b ] + d 
    17                                  segment code use32 class=code
    18                                      start:
    19                                          
    20                                          ; d / b
    21 00000000 66A1[03000000]                  mov AX, [d]     ; AX = d = 25
    22 00000006 8A1D[01000000]                  mov BL, [b]     ; BL = b = 5
    23 0000000C F6F3                            div BL              ; AX = AX / BL = d / b = 5
    24                                          
    25                                          ; b + c + d / b
    26 0000000E 0205[01000000]                  add AL, [b]     ; AL = 5 + b = 10
    27 00000014 0205[02000000]                  add AL, [c]     ; AL = 10 + c = 25
    28                                          
    29                                          ; a *  [ b + c + d / b ] 
    30 0000001A 8A1D[00000000]                  mov BL, [a]     ; BL = a = 10
    31 00000020 F6E3                            mul BL             ; AX = AX * BL = 25 * 10 = 250
    32                                          
    33 00000022 660305[03000000]                add AX, [d]
    34                                          
    35                                          
    36                                          
    37                                      
    38                                      
    39 00000029 6A00                            push dword 0
    40 0000002B FF15[00000000]                  call [exit]
