     1                                  ; (a*d+e)/[c+h/(c-b)] 
     2                                  bits 32
     3                                  
     4                                  global start
     5                                  
     6                                  extern exit
     7                                  import exit msvcrt.dll
     8                                  
     9                                  ; a,b,c,d-byte, e,f,g,h-word
    10                                  segment data use32 class=data
    11 00000000 05                          a db 5
    12 00000001 03                          b db 3
    13 00000002 0A                          c db 10
    14 00000003 06                          d db 6
    15 00000004 1E00                        e dw 30
    16 00000006 1E00                        f dw 30
    17 00000008 6400                        g dw 100
    18 0000000A 0E00                        h dw 14
    19                                      
    20                                   ; (a*d+e)/[c+h/(c-b)]  
    21                                  segment code use32 class=code
    22                                      start:
    23                                          
    24                                          ; a * d
    25 00000000 66A1[00000000]                  mov AX, [a]     ; AX = a = 5
    26 00000006 8A1D[03000000]                  mov BL, [d]     ; BL = d = 6
    27 0000000C F6E3                            mul BL             ; AX = AX * BL = 5 * 6 = 30
    28                                          
    29                                          ; (a * d) + e
    30 0000000E 660305[04000000]                add AX, [e]      ; AX = AX + e = 30 + 30 = 60
    31                                          
    32 00000015 6689C3                          mov BX, AX    ; BX = AX = 60 
    33                                          
    34                                          ; c - b
    35 00000018 8A0D[02000000]                  mov CL, [c]     ; CL = 10
    36 0000001E 2A0D[01000000]                  sub CL, [b]      ; CL = c - b = 10 - 3 = 7
    37                                          
    38                                          ; h / (c - b)
    39 00000024 66A1[0A000000]                  mov AX, [h]     ; AX = h = 14
    40 0000002A F6F1                            div CL              ; AX = AX / CL = 14 / 7 = 2
    41                                          
    42                                          ; c + h / (c - b)
    43 0000002C 0205[02000000]                  add AL, [c]      ; AX = AX + c = 2 + 10 = 12
    44                                          
    45 00000032 88C1                            mov CL, AL     ; CL = AL = 12
    46 00000034 6689D8                          mov AX, BX     ; AX = BX = 60
    47                                          
    48                                          ; (a*d+e)/[c+h/(c-b)]  
    49 00000037 F6F1                            div CL               ; AX = AX / CL = 60 / 12 = 5
    50                                          
    51 00000039 6A00                            push dword 0
    52 0000003B FF15[00000000]                  call [exit]
