     1                                  bits 32
     2                                  global start
     3                                  
     4                                  extern exit, printf
     5                                  import exit msvcrt.dll
     6                                  import printf msvcrt.dll
     7                                  
     8                                  segment data use32 class=data
     9 00000000 48656C6C6F20576F72-         mesaj db "Hello World!"
     9 00000009 6C6421             
    10                                  
    11                                  segment code use32 class=code
    12                                      start:
    13                                          
    14 00000000 68[00000000]                    push dword mesaj
    15 00000005 FF15[00000000]                  call [printf]
    16 0000000B 83C404                          add esp, 1*4
    17                                      
    18 0000000E 6A00                        push dword 0
    19 00000010 FF15[00000000]              call [exit]
