     1                                  ; Sa se citeasca de la tastatura un numar hexazecimal format din 2 cifre. Sa se afiseze pe ecran acest numar in baza 10, interpretat atat ca numar fara semn cat si ca numar cu semn (pe 8 biti). 
     2                                  bits 32
     3                                  global start
     4                                  
     5                                  extern exit, printf, scanf
     6                                  import exit msvcrt.dll
     7                                  import printf msvcrt.dll
     8                                  import scanf msvcrt.dll
     9                                  
    10                                  segment data use32 class=data
    11 00000000 00                          a db 0
    12 00000001 612028627974652920-         mesaj_a db "a (byte) = ", 0
    12 0000000A 3D2000             
    13 0000000D 257800                      format_hex db "%x", 0
    14 00000010 25642C202D256400            afisare db "%d, -%d", 0
    15                                      
    16                                  segment code use32 class=code
    17                                      start:
    18                                      
    19                                          ; a = 
    20 00000000 68[01000000]                    push dword mesaj_a
    21 00000005 FF15[00000000]                  call [printf]
    22 0000000B 83C404                          add esp, 1*4
    23                                          
    24                                          ; citim a
    25 0000000E 68[00000000]                    push dword a
    26 00000013 68[0D000000]                    push format_hex
    27 00000018 FF15[00000000]                  call [scanf]
    28 0000001E 83C408                          add esp, 2*4
    29                                          
    30 00000021 B800000000                      mov eax, 0
    31 00000026 B000                            mov al, 256
    31          ******************       warning: byte data exceeds bounds [-w+number-overflow]
    32 00000028 2A05[00000000]                  sub al, [a]
    33 0000002E BB00000000                      mov ebx, 0
    34 00000033 8A1D[00000000]                  mov bl, [a]
    35                                          
    36                                          ; afisare
    37 00000039 50                              push eax
    38 0000003A 53                              push ebx
    39 0000003B 68[10000000]                    push dword afisare
    40 00000040 FF15[00000000]                  call [printf]
    41 00000046 83C40C                          add esp, 3*4
    42                                      
    43 00000049 6A00                        push dword 0
    44 0000004B FF15[00000000]              call [exit]
