     1                                  ; Se da un numar natural negativ a (a: dword). Sa se afiseze valoarea lui in baza 10 si in baza 16, in urmatorul format: "a = <base_10> (baza 10), a = <base_16> (baza 16)" 
     2                                  bits 32
     3                                  global start
     4                                  
     5                                  extern exit, printf, scanf
     6                                  import exit msvcrt.dll
     7                                  import printf msvcrt.dll
     8                                  import scanf msvcrt.dll
     9                                  
    10                                  segment data use32 class=data
    11 00000000 00000000                    a dd 0
    12 00000004 61203D2000                  mesaj_a db "a = ", 0
    13 00000009 256400                      format db "%d", 0
    14 0000000C 61203D202564202862-         afisare db "a = %d (base 10), a = %x (base 16)", 0
    14 00000015 617365203130292C20-
    14 0000001E 61203D202578202862-
    14 00000027 6173652031362900   
    15                                      
    16                                      
    17                                  segment code use32 class=code
    18                                      start:
    19                                      
    20                                          ; a = 
    21 00000000 68[04000000]                    push dword mesaj_a
    22 00000005 FF15[00000000]                  call [printf]
    23 0000000B 83C404                          add esp, 1*4
    24                                      
    25                                          ; citire a
    26 0000000E 68[00000000]                    push dword a
    27 00000013 68[09000000]                    push dword format
    28 00000018 FF15[00000000]                  call [scanf]
    29 0000001E 83C408                          add esp, 2*4
    30                                          
    31                                          ; afisare
    32 00000021 FF35[00000000]                  push dword [a]
    33 00000027 FF35[00000000]                  push dword [a]
    34 0000002D 68[0C000000]                    push dword afisare
    35 00000032 FF15[00000000]                  call [printf]
    36 00000038 83C40C                          add esp, 3*4
    37                                              
    38 0000003B 6A00                        push dword 0
    39 0000003D FF15[00000000]              call [exit]
