     1                                  ; Sa se citeasca de la tastatura doua numere a si b de tip word. Sa se afiseze in baza 16 numarul c de tip dword pentru care partea low este suma celor doua numere, iar partea high este diferenta celor doua numere. 
     2                                  ; Exemplu:
     3                                  ;   a = 574, b = 136
     4                                  ;   c = 01B602C6h
     5                                  bits 32
     6                                  global start
     7                                  
     8                                  extern exit, printf, scanf
     9                                  import exit msvcrt.dll
    10                                  import printf msvcrt.dll
    11                                  import scanf msvcrt.dll
    12                                  
    13                                  segment data use32 class=data
    14 00000000 00000000                    a dd 0
    15 00000004 00000000                    b dd 0
    16 00000008 00000000                    c dd 0
    17 0000000C 61203D2000                  mesaj_a db "a = ", 0
    18 00000011 62203D2000                  mesaj_b db "b = ", 0
    19 00000016 256400                      format_dec db "%d", 0
    20 00000019 63203D2025786800            afisare_hex db "c = %xh", 0
    21                                  
    22                                  segment code use32 class=code
    23                                      start:
    24                                      
    25                                          ; a = 
    26 00000000 68[0C000000]                    push dword mesaj_a
    27 00000005 FF15[00000000]                  call [printf]
    28 0000000B 83C404                          add esp, 1*4
    29                                          
    30                                          ; citire a
    31 0000000E 68[00000000]                    push dword a
    32 00000013 68[16000000]                    push dword format_dec
    33 00000018 FF15[00000000]                  call [scanf]
    34 0000001E 83C408                          add esp, 2*4
    35                                          
    36                                          ; b = 
    37 00000021 68[11000000]                    push dword mesaj_b
    38 00000026 FF15[00000000]                  call [printf]
    39 0000002C 83C404                          add esp, 1*4
    40                                          
    41                                          ; citire b
    42 0000002F 68[04000000]                    push dword b
    43 00000034 68[16000000]                    push dword format_dec
    44 00000039 FF15[00000000]                  call [scanf]
    45 0000003F 83C408                          add esp, 2*4
    46                                          
    47 00000042 66A1[00000000]                  mov ax, [a]
    48 00000048 660305[04000000]                add ax, [b]
    49 0000004F 66A3[08000000]                  mov [c], ax
    50                                          
    51 00000055 66A1[00000000]                  mov ax, [a]
    52 0000005B 662B05[04000000]                sub ax, [b]
    53 00000062 66A3[0A000000]                  mov [c+2], ax
    54                                  
    55                                          ; afisare
    56 00000068 FF35[08000000]                  push dword [c]
    57 0000006E 68[19000000]                    push dword afisare_hex
    58 00000073 FF15[00000000]                  call [printf]
    59 00000079 83C408                          add esp, 2*4
    60                                      
    61 0000007C 6A00                        push dword 0
    62 0000007E FF15[00000000]              call [exit]
