     1                                  bits 32
     2                                  global start
     3                                  
     4                                  extern exit
     5                                  import exit msvcrt.dll
     6                                  
     7                                  segment data use32 class=data
     8 00000000 616263646566                s db 'abcdef'
     9                                      len equ ($-s)
    10 00000006 00<rept>                    d times len db 0
    11                                      
    12                                  ; Se da un sir de caractere s.
    13                                  ; Se cere sirul de caractere d obtinut prin inversarea sirului s.
    14                                  segment code use32 class=code
    15                                      start:
    16 00000000 B906000000                      mov ecx, len  ; ecx = len
    17 00000005 E31A                            jecxz sfarsit
    18 00000007 BE00000000                      mov esi, 0
    19 0000000C BF05000000                      mov edi, len-1
    20                                          
    21                                      repeta:
    22 00000011 8A87[00000000]                  mov al, [s+edi]
    23 00000017 8886[06000000]                  mov [d+esi], al
    24 0000001D 46                              inc esi
    25 0000001E 4F                              dec edi
    26 0000001F E2F0                        loop repeta
    27                                      
    28                                       sfarsit:
    29 00000021 6A00                            push dword 0        ; push the parameter for exit onto the stack
    30 00000023 FF15[00000000]                  call [exit]         ; call exit to terminate the program
