     1                                  ;   Se da un sir de octeti S de lungime l. Sa se construiasca sirul D de lungime l-1 astfel incat elementele din D sa reprezinte produsul dintre fiecare 2 elemente consecutive S(i) si S(i+1) din S.
     2                                  ;   Exemplu:
     3                                  ;   S: 1, 2, 3, 4
     4                                  ;   D: 2, 6, 12
     5                                  bits 32
     6                                  global start
     7                                  
     8                                  extern exit
     9                                  import exit msvcrt.dll
    10                                  
    11                                  segment data use32 class=data
    12 00000000 01020304                    s db 1, 2, 3, 4
    13                                      len equ $-s
    14 00000004 0000<rept>                  d times len dw 0
    15                                  
    16                                  segment code use32 class=code
    17                                      start:
    18 00000000 B903000000                      mov ecx, len-1
    19 00000005 E323                            jecxz final
    20 00000007 BE00000000                      mov esi, 0
    21 0000000C BF00000000                      mov edi, 0
    22                                          repeta:
    23 00000011 8A86[00000000]                      mov al, [s+esi]
    24 00000017 8A9E[01000000]                      mov bl, [s+esi+1]
    25 0000001D F6E3                                mul bl
    26 0000001F 668987[04000000]                    mov [d+edi], ax
    27 00000026 46                                  inc(esi)
    28 00000027 47                                  inc(edi)
    29 00000028 E2E7                            loop repeta
    30                                          
    31                                          final:
    32                                          
    33                                  
    34                                          
    35 0000002A 6A00                        push dword 0
    36 0000002C FF15[00000000]              call [exit]
