     1                                  ; Se dau doua siruri de caractere S1 si S2. Sa se construiasca sirul D prin concatenarea elementelor de pe pozitiile pare din S2 cu elementele de pe pozitiile impare din S1.
     2                                  ;   Exemplu:
     3                                  ;   S1: 'a', 'b', 'c', 'd', 'e', 'f'
     4                                  ;   S2: '1', '2', '3', '4', '5'
     5                                  ;   D: '2', '4','a','c','e'
     6                                  bits 32
     7                                  global start
     8                                  
     9                                  extern exit
    10                                  import exit msvcrt.dll
    11                                  
    12                                  segment data use32 class=data
    13 00000000 616263646566                s1 db 'a', 'b', 'c', 'd', 'e', 'f'
    14                                      len_s1 equ $-s1
    15 00000006 3132333435                  s2 db  '1', '2', '3', '4', '5'
    16                                      len_s2 equ $-s2
    17 0000000B 00<rept>                    d times len_s1+len_s2 db 0 
    18                                  
    19                                  segment code use32 class=code
    20                                      start:
    21 00000000 BE00000000                      mov esi, 0
    22 00000005 BF00000000                      mov edi, 0
    23                                          
    24 0000000A B905000000                      mov ecx, len_s2
    25 0000000F E33C                            jecxz final
    26                                          repeta_s2:
    27 00000011 F7C601000000                        test esi, 1h
    28 00000017 8A86[06000000]                      mov al, [s2+esi]
    29 0000001D 7407                                je pozitie_impara
    30 0000001F 8887[0B000000]                          mov [d+edi], al
    31 00000025 47                                      inc(edi)
    32                                              pozitie_impara:
    33 00000026 46                                  inc(esi)
    34 00000027 E2E8                            loop repeta_s2
    35                                          
    36 00000029 BE00000000                      mov esi, 0
    37 0000002E B906000000                      mov ecx, len_s1
    38 00000033 E318                            jecxz final
    39                                          repeta_s1:
    40 00000035 F7C601000000                        test esi, 1h
    41 0000003B 8A86[00000000]                      mov al, [s1+esi]
    42 00000041 7507                                jne pozitie_para
    43 00000043 8887[0B000000]                          mov [d+edi], al
    44 00000049 47                                      inc(edi)
    45                                              pozitie_para:
    46 0000004A 46                                  inc(esi)
    47 0000004B E2E8                            loop repeta_s1
    48                                          
    49                                          
    50                                      final:
    51                                      
    52 0000004D 6A00                        push dword 0
    53 0000004F FF15[00000000]              call [exit]
